
Running 1 test using 1 worker

[1A[2K[1/1] [chromium] › tests/add-property-form-test.spec.ts:4:7 › Add Property Form Test - Comprehensive › should fill out and submit Add Property form with all fields and test data from plan
[1A[2K[chromium] › tests/add-property-form-test.spec.ts:4:7 › Add Property Form Test - Comprehensive › should fill out and submit Add Property form with all fields and test data from plan
Logging in...

[1A[2KLogin successful, navigated to: http://localhost:3000/dashboard

[1A[2KNavigating to properties page...

[1A[2KOpening Add Property modal...

[1A[2KStarting comprehensive form fill according to plan...

[1A[2KStep 1: Selecting property type Multi-Family...

[1A[2K  Property type "Condo": visible

[1A[2K  Property type "Co-op": visible

[1A[2K  Property type "Condop": visible

[1A[2K  Property type "Rental Building": visible

[1A[2K  Property type "Multi-Family": visible

[1A[2K  Property type "Townhouse": visible

[1A[2KStep 2: Filling property details...

[1A[2K  Waiting for address autocomplete suggestions...

[1A[2K  Selected address from autocomplete

[1A[2KStep 3: Adding owners (existing + new with 50/50 split)...

[1A[2K  Selected existing owner: Brandon Michael

[1A[2K  Creating new owner with test data...

[1A[2K  WARNING: Ownership total is 50%. It must equal 100% to continue.

[1A[2K  Current ownership values, adjusting...

